data    a:  boolean;
data    b:  boolean;
data    c:  boolean;
data    d:  boolean;
data    e:  boolean;
data    f:  boolean;
data    g:  boolean;
data    h:  boolean;
data    i:  boolean;
data    j:  boolean;
data    k:  boolean;
data    l:  boolean;
data    m:  boolean;
data    n:  boolean;
data    o:  boolean;
data    p:  boolean;
data    q:  boolean;
data    r:  boolean;
data    s:  boolean;
data    t:  boolean;
data    u:  boolean;
data    v:  boolean;
data    w:  boolean;
data    x:  boolean;
data    y:  boolean;
data    z:  boolean;

a == true;
b == false;
Xs(a == false);
Xw(a == false);
Xs(b == true);
Xw(b == true);
F(a == true);
Xs(F(a == true)) == false;
F(b == true);
G(a == true) == false;
G(a == false) == false;
Xs(G(a == false));
Xs(G(!a));
G(true);
F(z);
G(z => Xw(a));
G(z => !Xs(a));
Ys(true) == false;
Yw(false) == true;
Xs( 0, a) == true;
Xs( 1, b) == true;
Xs(25, z) == true;
Xs(26, z) == false;
Xw(26, z) == true;
Xs(26, true) == false;
Xw(26, false) == true;

I(a, 1) == 1000;
I(a, 2) == 2000;
I(b, 2) == 2000;
I(c || f, 2) == 4000;
I(z, 1) == 1;
I(true, 1) == 25001;
I(false, 1) == 0;
Xs(I(true, 1) == 24001);

I[0:500](a, 1) == 500;
I[1:500](a, 1) == 499;
I[1000:1002](a || b, 1) == 2;
I[0:500](a, 1.1) == 550;

G[100:1000](a);
G[100:1001](a) == false;
G[100:1001](a || b);
F[0:25000](z) == false;
F[0:25001](z) == true;
F[25000:25001](z) == true;
Us(a, b);
Us[100:1000](a, b) == false;
Uw[100:1000](a, b);
Us[100:1001](a, b);
Xs(Us(a, b));
Xs(25, G(z));
Xs(25, F(z));
O(a);
G(z => O(a));
