data    a:  boolean;
data    b:  boolean;
data    c:  boolean;
data    d:  boolean;
data    e:  boolean;
data    f:  boolean;
data    g:  boolean;
data    h:  boolean;
data    i:  boolean;
data    j:  boolean;
data    k:  boolean;
data    l:  boolean;
data    m:  boolean;
data    n:  boolean;
data    o:  boolean;
data    p:  boolean;
data    q:  boolean;
data    r:  boolean;
data    s:  boolean;
data    t:  boolean;
data    u:  boolean;
data    v:  boolean;
data    w:  boolean;
data    x:  boolean;
data    y:  boolean;
data    z:  boolean;

a == true;
b == false;
Xs(a == false);
Xw(a == false);
Xs(b == true);
Xw(b == true);
F(a == true);
Xs(F(a == true)) == false;
F(b == true);
G(a == true) == false;
G(a == false) == false;
Xs(G(a == false));
Xs(G(!a));
G(true);
F(z);
G(z => Xw(a));
G(z => !Xs(a));

Xs( 0, a) == true;
Xs( 1, b) == true;
Xs(25, z) == true;
Xs(26, z) == false;
Xw(26, z) == true;
Xs(26, true) == false;
Xw(26, false) == true;